* jules-15380347638927301602-e1539559
  main
  remotes/origin/HEAD -> origin/main
  remotes/origin/auto-fix/push-400e4cec
  remotes/origin/auto-fix/push-4b7c9b20
  remotes/origin/auto-fix/push-52b0ce89
  remotes/origin/auto-fix/push-6c8ea5b6
  remotes/origin/auto-fix/push-836b485b
  remotes/origin/auto-fix/push-9a0d02b9
  remotes/origin/auto-fix/push-9e1a5450
  remotes/origin/auto-fix/push-b9bfe597
  remotes/origin/feat/academy-whatsapp-sandbox
  remotes/origin/feat/metrics-web-dashboard-cache-14557972116893525680
  remotes/origin/feat/nightly-ops-upgrade-rollback
  remotes/origin/jules-10229783537863529498-e037ce29
  remotes/origin/jules-12900665842957176028-785eb9e4
  remotes/origin/jules-17451816049750441567-d521495b
  remotes/origin/jules-373698039172960945-83e313a0
  remotes/origin/jules-6717953979801258647-be3b0c31
  remotes/origin/jules-8399580290883684269-1e6933ce
  remotes/origin/jules-9520282676274350044-b7a25514
  remotes/origin/jules-9799864329469862138-72120de5
  remotes/origin/main
  remotes/origin/nightly-fix/2026-07-27
  remotes/origin/nightly-fix/2026-07-28
  remotes/origin/nightly-fix/2026-07-29
  remotes/origin/nightly-fix/2026-07-30
  remotes/origin/palette/insight-dashboard-a11y-6398801375559286709
  remotes/origin/security/dsar-verification-rate-limiting-7810273008765643266
  remotes/origin/sentinel/local-services-public-booking-security-10143449320838228089
